invoking (src/ch.usi.inf.nodeprof.test/js/minitests/builtin.js:16:9:21:2) Promise
builtin used Promise
invoking (src/ch.usi.inf.nodeprof.test/js/minitests/builtin.js:19:5:19:16) 
invoking (src/ch.usi.inf.nodeprof.test/js/minitests/builtin.js:22:1:22:28) then
builtin used Promise.prototype.then
builtin used Promise
invoking (src/ch.usi.inf.nodeprof.test/js/minitests/builtin.js:22:13:22:27) bound log
10
