expression starts: (src/ch.usi.inf.nodeprof.test/js/minitests/invoke3.js:1:1:18:3) type: AutonomousFunctionExpression
expression finishes: (src/ch.usi.inf.nodeprof.test/js/minitests/invoke3.js:1:1:18:3) type: AutonomousFunctionExpression
expression starts: (src/ch.usi.inf.nodeprof.test/js/minitests/invoke3.js:16:11:16:23) type: AutonomousFunctionExpression
expression finishes: (src/ch.usi.inf.nodeprof.test/js/minitests/invoke3.js:16:11:16:23) type: AutonomousFunctionExpression
write (src/ch.usi.inf.nodeprof.test/js/minitests/invoke3.js:16:5:16:23) foo
