invokeFunPre: bar / undefined / (src/ch.usi.inf.nodeprof.test/js/minitests/apply.js:26:5:26:11) / method: false
invokeFunPre: apply / func: foo / (src/ch.usi.inf.nodeprof.test/js/minitests/apply.js:21:12:21:43) / method: true
invokeFunPre: baz / undefined / (src/ch.usi.inf.nodeprof.test/js/minitests/apply.js:26:1:26:12) / method: false
