functionEnter@ (src/ch.usi.inf.nodeprof.test/js/minitests/recursive-async2.js:1:1:38:4)
functionExit@ (src/ch.usi.inf.nodeprof.test/js/minitests/recursive-async2.js:1:1:38:4) [Function] {}
functionEnter@ (src/ch.usi.inf.nodeprof.test/js/minitests/recursive-async2.js:1:2:38:2)
write (src/ch.usi.inf.nodeprof.test/js/minitests/recursive-async2.js:18:1:28:2) fib [AsyncFunction: fib]
write (src/ch.usi.inf.nodeprof.test/js/minitests/recursive-async2.js:30:1:32:2) main [AsyncFunction: main]
asyncEnter (src/ch.usi.inf.nodeprof.test/js/minitests/recursive-async2.js:31:4:31:24)
functionEnter@ (src/ch.usi.inf.nodeprof.test/js/minitests/recursive-async2.js:30:1:32:2)
asyncEnter (src/ch.usi.inf.nodeprof.test/js/minitests/recursive-async2.js:18:23:28:2)
functionEnter@ (src/ch.usi.inf.nodeprof.test/js/minitests/recursive-async2.js:18:1:28:2)
in fib 4
binary 4 < 2 = false
binary 4 - 1 = 3
asyncEnter (src/ch.usi.inf.nodeprof.test/js/minitests/recursive-async2.js:18:23:28:2)
functionEnter@ (src/ch.usi.inf.nodeprof.test/js/minitests/recursive-async2.js:18:1:28:2)
in fib 3
binary 3 < 2 = false
binary 3 - 1 = 2
asyncEnter (src/ch.usi.inf.nodeprof.test/js/minitests/recursive-async2.js:18:23:28:2)
functionEnter@ (src/ch.usi.inf.nodeprof.test/js/minitests/recursive-async2.js:18:1:28:2)
in fib 2
binary 2 < 2 = false
binary 2 - 1 = 1
asyncEnter (src/ch.usi.inf.nodeprof.test/js/minitests/recursive-async2.js:18:23:28:2)
functionEnter@ (src/ch.usi.inf.nodeprof.test/js/minitests/recursive-async2.js:18:1:28:2)
in fib 1
binary 1 < 2 = true
return (src/ch.usi.inf.nodeprof.test/js/minitests/recursive-async2.js:24:8:24:17) 1
functionExit@ (src/ch.usi.inf.nodeprof.test/js/minitests/recursive-async2.js:18:1:28:2) 1 {}
asyncExit (src/ch.usi.inf.nodeprof.test/js/minitests/recursive-async2.js:18:23:28:2) Promise { 1 } {}
awaitPre (src/ch.usi.inf.nodeprof.test/js/minitests/recursive-async2.js:26:16:26:30) Promise { 1 }
functionExit@ (src/ch.usi.inf.nodeprof.test/js/minitests/recursive-async2.js:18:1:28:2) undefined { yield: true }
asyncExit (src/ch.usi.inf.nodeprof.test/js/minitests/recursive-async2.js:18:23:28:2) Promise { <pending> } {}
awaitPre (src/ch.usi.inf.nodeprof.test/js/minitests/recursive-async2.js:26:16:26:30) Promise { <pending> }
functionExit@ (src/ch.usi.inf.nodeprof.test/js/minitests/recursive-async2.js:18:1:28:2) undefined { yield: true }
asyncExit (src/ch.usi.inf.nodeprof.test/js/minitests/recursive-async2.js:18:23:28:2) Promise { <pending> } {}
awaitPre (src/ch.usi.inf.nodeprof.test/js/minitests/recursive-async2.js:26:16:26:30) Promise { <pending> }
functionExit@ (src/ch.usi.inf.nodeprof.test/js/minitests/recursive-async2.js:18:1:28:2) undefined { yield: true }
asyncExit (src/ch.usi.inf.nodeprof.test/js/minitests/recursive-async2.js:18:23:28:2) Promise { <pending> } {}
awaitPre (src/ch.usi.inf.nodeprof.test/js/minitests/recursive-async2.js:31:11:31:23) Promise { <pending> }
functionExit@ (src/ch.usi.inf.nodeprof.test/js/minitests/recursive-async2.js:30:1:32:2) undefined { yield: true }
asyncExit (src/ch.usi.inf.nodeprof.test/js/minitests/recursive-async2.js:31:4:31:24) Promise { <pending> } {}
***************** event loop first tick ***********************
functionExit@ (src/ch.usi.inf.nodeprof.test/js/minitests/recursive-async2.js:1:2:38:2) undefined {}
functionEnter@ (src/ch.usi.inf.nodeprof.test/js/minitests/recursive-async2.js:20:22:22:6)
in fib 4
functionExit@ (src/ch.usi.inf.nodeprof.test/js/minitests/recursive-async2.js:20:22:22:6) undefined {}
functionEnter@ (src/ch.usi.inf.nodeprof.test/js/minitests/recursive-async2.js:20:22:22:6)
in fib 3
functionExit@ (src/ch.usi.inf.nodeprof.test/js/minitests/recursive-async2.js:20:22:22:6) undefined {}
functionEnter@ (src/ch.usi.inf.nodeprof.test/js/minitests/recursive-async2.js:20:22:22:6)
in fib 2
functionExit@ (src/ch.usi.inf.nodeprof.test/js/minitests/recursive-async2.js:20:22:22:6) undefined {}
functionEnter@ (src/ch.usi.inf.nodeprof.test/js/minitests/recursive-async2.js:20:22:22:6)
in fib 1
functionExit@ (src/ch.usi.inf.nodeprof.test/js/minitests/recursive-async2.js:20:22:22:6) undefined {}
functionEnter@ (src/ch.usi.inf.nodeprof.test/js/minitests/recursive-async2.js:18:1:28:2)
awaitPre (src/ch.usi.inf.nodeprof.test/js/minitests/recursive-async2.js:26:16:26:30) Promise { 1 }
awaitPost (src/ch.usi.inf.nodeprof.test/js/minitests/recursive-async2.js:26:16:26:30) 1 {}
binary 2 - 2 = 0
asyncEnter (src/ch.usi.inf.nodeprof.test/js/minitests/recursive-async2.js:18:23:28:2)
functionEnter@ (src/ch.usi.inf.nodeprof.test/js/minitests/recursive-async2.js:18:1:28:2)
in fib 0
binary 0 < 2 = true
return (src/ch.usi.inf.nodeprof.test/js/minitests/recursive-async2.js:24:8:24:17) 0
functionExit@ (src/ch.usi.inf.nodeprof.test/js/minitests/recursive-async2.js:18:1:28:2) 0 {}
asyncExit (src/ch.usi.inf.nodeprof.test/js/minitests/recursive-async2.js:18:23:28:2) Promise { 0 } {}
awaitPre (src/ch.usi.inf.nodeprof.test/js/minitests/recursive-async2.js:26:33:26:47) Promise { 0 }
functionExit@ (src/ch.usi.inf.nodeprof.test/js/minitests/recursive-async2.js:18:1:28:2) undefined { yield: true }
functionEnter@ (src/ch.usi.inf.nodeprof.test/js/minitests/recursive-async2.js:18:1:28:2)
awaitPre (src/ch.usi.inf.nodeprof.test/js/minitests/recursive-async2.js:26:33:26:47) Promise { 0 }
awaitPost (src/ch.usi.inf.nodeprof.test/js/minitests/recursive-async2.js:26:33:26:47) 0 {}
binary 1 + 0 = 1
return (src/ch.usi.inf.nodeprof.test/js/minitests/recursive-async2.js:26:9:26:48) 1
functionExit@ (src/ch.usi.inf.nodeprof.test/js/minitests/recursive-async2.js:18:1:28:2) 1 {}
functionEnter@ (src/ch.usi.inf.nodeprof.test/js/minitests/recursive-async2.js:18:1:28:2)
awaitPre (src/ch.usi.inf.nodeprof.test/js/minitests/recursive-async2.js:26:16:26:30) Promise { 1 }
awaitPost (src/ch.usi.inf.nodeprof.test/js/minitests/recursive-async2.js:26:16:26:30) 1 {}
binary 3 - 2 = 1
asyncEnter (src/ch.usi.inf.nodeprof.test/js/minitests/recursive-async2.js:18:23:28:2)
functionEnter@ (src/ch.usi.inf.nodeprof.test/js/minitests/recursive-async2.js:18:1:28:2)
in fib 1
binary 1 < 2 = true
return (src/ch.usi.inf.nodeprof.test/js/minitests/recursive-async2.js:24:8:24:17) 1
functionExit@ (src/ch.usi.inf.nodeprof.test/js/minitests/recursive-async2.js:18:1:28:2) 1 {}
asyncExit (src/ch.usi.inf.nodeprof.test/js/minitests/recursive-async2.js:18:23:28:2) Promise { 1 } {}
awaitPre (src/ch.usi.inf.nodeprof.test/js/minitests/recursive-async2.js:26:33:26:47) Promise { 1 }
functionExit@ (src/ch.usi.inf.nodeprof.test/js/minitests/recursive-async2.js:18:1:28:2) undefined { yield: true }
functionEnter@ (src/ch.usi.inf.nodeprof.test/js/minitests/recursive-async2.js:18:1:28:2)
awaitPre (src/ch.usi.inf.nodeprof.test/js/minitests/recursive-async2.js:26:33:26:47) Promise { 1 }
awaitPost (src/ch.usi.inf.nodeprof.test/js/minitests/recursive-async2.js:26:33:26:47) 1 {}
binary 1 + 1 = 2
return (src/ch.usi.inf.nodeprof.test/js/minitests/recursive-async2.js:26:9:26:48) 2
functionExit@ (src/ch.usi.inf.nodeprof.test/js/minitests/recursive-async2.js:18:1:28:2) 2 {}
functionEnter@ (src/ch.usi.inf.nodeprof.test/js/minitests/recursive-async2.js:18:1:28:2)
awaitPre (src/ch.usi.inf.nodeprof.test/js/minitests/recursive-async2.js:26:16:26:30) Promise { 2 }
awaitPost (src/ch.usi.inf.nodeprof.test/js/minitests/recursive-async2.js:26:16:26:30) 2 {}
binary 4 - 2 = 2
asyncEnter (src/ch.usi.inf.nodeprof.test/js/minitests/recursive-async2.js:18:23:28:2)
functionEnter@ (src/ch.usi.inf.nodeprof.test/js/minitests/recursive-async2.js:18:1:28:2)
in fib 2
binary 2 < 2 = false
binary 2 - 1 = 1
asyncEnter (src/ch.usi.inf.nodeprof.test/js/minitests/recursive-async2.js:18:23:28:2)
functionEnter@ (src/ch.usi.inf.nodeprof.test/js/minitests/recursive-async2.js:18:1:28:2)
in fib 1
binary 1 < 2 = true
return (src/ch.usi.inf.nodeprof.test/js/minitests/recursive-async2.js:24:8:24:17) 1
functionExit@ (src/ch.usi.inf.nodeprof.test/js/minitests/recursive-async2.js:18:1:28:2) 1 {}
asyncExit (src/ch.usi.inf.nodeprof.test/js/minitests/recursive-async2.js:18:23:28:2) Promise { 1 } {}
awaitPre (src/ch.usi.inf.nodeprof.test/js/minitests/recursive-async2.js:26:16:26:30) Promise { 1 }
functionExit@ (src/ch.usi.inf.nodeprof.test/js/minitests/recursive-async2.js:18:1:28:2) undefined { yield: true }
asyncExit (src/ch.usi.inf.nodeprof.test/js/minitests/recursive-async2.js:18:23:28:2) Promise { <pending> } {}
awaitPre (src/ch.usi.inf.nodeprof.test/js/minitests/recursive-async2.js:26:33:26:47) Promise { <pending> }
functionExit@ (src/ch.usi.inf.nodeprof.test/js/minitests/recursive-async2.js:18:1:28:2) undefined { yield: true }
functionEnter@ (src/ch.usi.inf.nodeprof.test/js/minitests/recursive-async2.js:18:1:28:2)
awaitPre (src/ch.usi.inf.nodeprof.test/js/minitests/recursive-async2.js:26:16:26:30) Promise { 1 }
awaitPost (src/ch.usi.inf.nodeprof.test/js/minitests/recursive-async2.js:26:16:26:30) 1 {}
binary 2 - 2 = 0
asyncEnter (src/ch.usi.inf.nodeprof.test/js/minitests/recursive-async2.js:18:23:28:2)
functionEnter@ (src/ch.usi.inf.nodeprof.test/js/minitests/recursive-async2.js:18:1:28:2)
in fib 0
binary 0 < 2 = true
return (src/ch.usi.inf.nodeprof.test/js/minitests/recursive-async2.js:24:8:24:17) 0
functionExit@ (src/ch.usi.inf.nodeprof.test/js/minitests/recursive-async2.js:18:1:28:2) 0 {}
asyncExit (src/ch.usi.inf.nodeprof.test/js/minitests/recursive-async2.js:18:23:28:2) Promise { 0 } {}
awaitPre (src/ch.usi.inf.nodeprof.test/js/minitests/recursive-async2.js:26:33:26:47) Promise { 0 }
functionExit@ (src/ch.usi.inf.nodeprof.test/js/minitests/recursive-async2.js:18:1:28:2) undefined { yield: true }
functionEnter@ (src/ch.usi.inf.nodeprof.test/js/minitests/recursive-async2.js:18:1:28:2)
awaitPre (src/ch.usi.inf.nodeprof.test/js/minitests/recursive-async2.js:26:33:26:47) Promise { 0 }
awaitPost (src/ch.usi.inf.nodeprof.test/js/minitests/recursive-async2.js:26:33:26:47) 0 {}
binary 1 + 0 = 1
return (src/ch.usi.inf.nodeprof.test/js/minitests/recursive-async2.js:26:9:26:48) 1
functionExit@ (src/ch.usi.inf.nodeprof.test/js/minitests/recursive-async2.js:18:1:28:2) 1 {}
functionEnter@ (src/ch.usi.inf.nodeprof.test/js/minitests/recursive-async2.js:18:1:28:2)
awaitPre (src/ch.usi.inf.nodeprof.test/js/minitests/recursive-async2.js:26:33:26:47) Promise { 1 }
awaitPost (src/ch.usi.inf.nodeprof.test/js/minitests/recursive-async2.js:26:33:26:47) 1 {}
binary 2 + 1 = 3
return (src/ch.usi.inf.nodeprof.test/js/minitests/recursive-async2.js:26:9:26:48) 3
functionExit@ (src/ch.usi.inf.nodeprof.test/js/minitests/recursive-async2.js:18:1:28:2) 3 {}
functionEnter@ (src/ch.usi.inf.nodeprof.test/js/minitests/recursive-async2.js:30:1:32:2)
awaitPre (src/ch.usi.inf.nodeprof.test/js/minitests/recursive-async2.js:31:11:31:23) Promise { 3 }
awaitPost (src/ch.usi.inf.nodeprof.test/js/minitests/recursive-async2.js:31:11:31:23) 3 {}
return (src/ch.usi.inf.nodeprof.test/js/minitests/recursive-async2.js:31:4:31:24) 3
functionExit@ (src/ch.usi.inf.nodeprof.test/js/minitests/recursive-async2.js:30:1:32:2) 3 {}
functionEnter@ (src/ch.usi.inf.nodeprof.test/js/minitests/recursive-async2.js:34:13:34:52)
binary done! answer =  + 3 = done! answer = 3
done! answer = 3
return (src/ch.usi.inf.nodeprof.test/js/minitests/recursive-async2.js:34:18:34:52) undefined
functionExit@ (src/ch.usi.inf.nodeprof.test/js/minitests/recursive-async2.js:34:13:34:52) undefined {}
functionEnter@ (src/ch.usi.inf.nodeprof.test/js/minitests/recursive-async2.js:20:22:22:6)
in fib 0
functionExit@ (src/ch.usi.inf.nodeprof.test/js/minitests/recursive-async2.js:20:22:22:6) undefined {}
functionEnter@ (src/ch.usi.inf.nodeprof.test/js/minitests/recursive-async2.js:20:22:22:6)
in fib 1
functionExit@ (src/ch.usi.inf.nodeprof.test/js/minitests/recursive-async2.js:20:22:22:6) undefined {}
functionEnter@ (src/ch.usi.inf.nodeprof.test/js/minitests/recursive-async2.js:20:22:22:6)
in fib 2
functionExit@ (src/ch.usi.inf.nodeprof.test/js/minitests/recursive-async2.js:20:22:22:6) undefined {}
functionEnter@ (src/ch.usi.inf.nodeprof.test/js/minitests/recursive-async2.js:20:22:22:6)
in fib 1
functionExit@ (src/ch.usi.inf.nodeprof.test/js/minitests/recursive-async2.js:20:22:22:6) undefined {}
functionEnter@ (src/ch.usi.inf.nodeprof.test/js/minitests/recursive-async2.js:20:22:22:6)
in fib 0
functionExit@ (src/ch.usi.inf.nodeprof.test/js/minitests/recursive-async2.js:20:22:22:6) undefined {}
