read 2 (src/ch.usi.inf.nodeprof.test/js/minitests/rw.js:1:74:1:78) <this> object
write 1 (src/ch.usi.inf.nodeprof.test/js/minitests/rw.js:1:67:1:78) self object
read 3 (src/ch.usi.inf.nodeprof.test/js/minitests/rw.js:2:8:2:12) self object
write 4 (src/ch.usi.inf.nodeprof.test/js/minitests/rw.js:6:1:6:6) a number
read 6 (src/ch.usi.inf.nodeprof.test/js/minitests/rw.js:7:1:7:2) a number
write 5 (src/ch.usi.inf.nodeprof.test/js/minitests/rw.js:7:1:7:4) a number
