return (src/ch.usi.inf.nodeprof.test/js/minitests/fib.js:18:9:18:18) val returns 1
return (src/ch.usi.inf.nodeprof.test/js/minitests/fib.js:18:9:18:18) val returns 0
return (src/ch.usi.inf.nodeprof.test/js/minitests/fib.js:19:5:19:30) val returns 1
return (src/ch.usi.inf.nodeprof.test/js/minitests/fib.js:18:9:18:18) val returns 1
return (src/ch.usi.inf.nodeprof.test/js/minitests/fib.js:19:5:19:30) val returns 2
return (src/ch.usi.inf.nodeprof.test/js/minitests/fib.js:18:9:18:18) val returns 1
return (src/ch.usi.inf.nodeprof.test/js/minitests/fib.js:18:9:18:18) val returns 0
return (src/ch.usi.inf.nodeprof.test/js/minitests/fib.js:19:5:19:30) val returns 1
return (src/ch.usi.inf.nodeprof.test/js/minitests/fib.js:19:5:19:30) val returns 3
return (src/ch.usi.inf.nodeprof.test/js/minitests/fib.js:18:9:18:18) val returns 1
return (src/ch.usi.inf.nodeprof.test/js/minitests/fib.js:18:9:18:18) val returns 0
return (src/ch.usi.inf.nodeprof.test/js/minitests/fib.js:19:5:19:30) val returns 1
return (src/ch.usi.inf.nodeprof.test/js/minitests/fib.js:18:9:18:18) val returns 1
return (src/ch.usi.inf.nodeprof.test/js/minitests/fib.js:19:5:19:30) val returns 2
return (src/ch.usi.inf.nodeprof.test/js/minitests/fib.js:19:5:19:30) val returns 5
return (src/ch.usi.inf.nodeprof.test/js/minitests/fib.js:18:9:18:18) val returns 1
return (src/ch.usi.inf.nodeprof.test/js/minitests/fib.js:18:9:18:18) val returns 0
return (src/ch.usi.inf.nodeprof.test/js/minitests/fib.js:19:5:19:30) val returns 1
return (src/ch.usi.inf.nodeprof.test/js/minitests/fib.js:18:9:18:18) val returns 1
return (src/ch.usi.inf.nodeprof.test/js/minitests/fib.js:19:5:19:30) val returns 2
return (src/ch.usi.inf.nodeprof.test/js/minitests/fib.js:18:9:18:18) val returns 1
return (src/ch.usi.inf.nodeprof.test/js/minitests/fib.js:18:9:18:18) val returns 0
return (src/ch.usi.inf.nodeprof.test/js/minitests/fib.js:19:5:19:30) val returns 1
return (src/ch.usi.inf.nodeprof.test/js/minitests/fib.js:19:5:19:30) val returns 3
return (src/ch.usi.inf.nodeprof.test/js/minitests/fib.js:19:5:19:30) val returns 8
return (src/ch.usi.inf.nodeprof.test/js/minitests/fib.js:18:9:18:18) val returns 1
return (src/ch.usi.inf.nodeprof.test/js/minitests/fib.js:18:9:18:18) val returns 0
return (src/ch.usi.inf.nodeprof.test/js/minitests/fib.js:19:5:19:30) val returns 1
return (src/ch.usi.inf.nodeprof.test/js/minitests/fib.js:18:9:18:18) val returns 1
return (src/ch.usi.inf.nodeprof.test/js/minitests/fib.js:19:5:19:30) val returns 2
return (src/ch.usi.inf.nodeprof.test/js/minitests/fib.js:18:9:18:18) val returns 1
return (src/ch.usi.inf.nodeprof.test/js/minitests/fib.js:18:9:18:18) val returns 0
return (src/ch.usi.inf.nodeprof.test/js/minitests/fib.js:19:5:19:30) val returns 1
return (src/ch.usi.inf.nodeprof.test/js/minitests/fib.js:19:5:19:30) val returns 3
return (src/ch.usi.inf.nodeprof.test/js/minitests/fib.js:18:9:18:18) val returns 1
return (src/ch.usi.inf.nodeprof.test/js/minitests/fib.js:18:9:18:18) val returns 0
return (src/ch.usi.inf.nodeprof.test/js/minitests/fib.js:19:5:19:30) val returns 1
return (src/ch.usi.inf.nodeprof.test/js/minitests/fib.js:18:9:18:18) val returns 1
return (src/ch.usi.inf.nodeprof.test/js/minitests/fib.js:19:5:19:30) val returns 2
return (src/ch.usi.inf.nodeprof.test/js/minitests/fib.js:19:5:19:30) val returns 5
return (src/ch.usi.inf.nodeprof.test/js/minitests/fib.js:19:5:19:30) val returns 13
return (src/ch.usi.inf.nodeprof.test/js/minitests/fib.js:18:9:18:18) val returns 1
return (src/ch.usi.inf.nodeprof.test/js/minitests/fib.js:18:9:18:18) val returns 0
return (src/ch.usi.inf.nodeprof.test/js/minitests/fib.js:19:5:19:30) val returns 1
return (src/ch.usi.inf.nodeprof.test/js/minitests/fib.js:18:9:18:18) val returns 1
return (src/ch.usi.inf.nodeprof.test/js/minitests/fib.js:19:5:19:30) val returns 2
return (src/ch.usi.inf.nodeprof.test/js/minitests/fib.js:18:9:18:18) val returns 1
return (src/ch.usi.inf.nodeprof.test/js/minitests/fib.js:18:9:18:18) val returns 0
return (src/ch.usi.inf.nodeprof.test/js/minitests/fib.js:19:5:19:30) val returns 1
return (src/ch.usi.inf.nodeprof.test/js/minitests/fib.js:19:5:19:30) val returns 3
return (src/ch.usi.inf.nodeprof.test/js/minitests/fib.js:18:9:18:18) val returns 1
return (src/ch.usi.inf.nodeprof.test/js/minitests/fib.js:18:9:18:18) val returns 0
return (src/ch.usi.inf.nodeprof.test/js/minitests/fib.js:19:5:19:30) val returns 1
return (src/ch.usi.inf.nodeprof.test/js/minitests/fib.js:18:9:18:18) val returns 1
return (src/ch.usi.inf.nodeprof.test/js/minitests/fib.js:19:5:19:30) val returns 2
return (src/ch.usi.inf.nodeprof.test/js/minitests/fib.js:19:5:19:30) val returns 5
return (src/ch.usi.inf.nodeprof.test/js/minitests/fib.js:18:9:18:18) val returns 1
return (src/ch.usi.inf.nodeprof.test/js/minitests/fib.js:18:9:18:18) val returns 0
return (src/ch.usi.inf.nodeprof.test/js/minitests/fib.js:19:5:19:30) val returns 1
return (src/ch.usi.inf.nodeprof.test/js/minitests/fib.js:18:9:18:18) val returns 1
return (src/ch.usi.inf.nodeprof.test/js/minitests/fib.js:19:5:19:30) val returns 2
return (src/ch.usi.inf.nodeprof.test/js/minitests/fib.js:18:9:18:18) val returns 1
return (src/ch.usi.inf.nodeprof.test/js/minitests/fib.js:18:9:18:18) val returns 0
return (src/ch.usi.inf.nodeprof.test/js/minitests/fib.js:19:5:19:30) val returns 1
return (src/ch.usi.inf.nodeprof.test/js/minitests/fib.js:19:5:19:30) val returns 3
return (src/ch.usi.inf.nodeprof.test/js/minitests/fib.js:19:5:19:30) val returns 8
return (src/ch.usi.inf.nodeprof.test/js/minitests/fib.js:19:5:19:30) val returns 21
return (src/ch.usi.inf.nodeprof.test/js/minitests/fib.js:18:9:18:18) val returns 1
return (src/ch.usi.inf.nodeprof.test/js/minitests/fib.js:18:9:18:18) val returns 0
return (src/ch.usi.inf.nodeprof.test/js/minitests/fib.js:19:5:19:30) val returns 1
return (src/ch.usi.inf.nodeprof.test/js/minitests/fib.js:18:9:18:18) val returns 1
return (src/ch.usi.inf.nodeprof.test/js/minitests/fib.js:19:5:19:30) val returns 2
return (src/ch.usi.inf.nodeprof.test/js/minitests/fib.js:18:9:18:18) val returns 1
return (src/ch.usi.inf.nodeprof.test/js/minitests/fib.js:18:9:18:18) val returns 0
return (src/ch.usi.inf.nodeprof.test/js/minitests/fib.js:19:5:19:30) val returns 1
return (src/ch.usi.inf.nodeprof.test/js/minitests/fib.js:19:5:19:30) val returns 3
return (src/ch.usi.inf.nodeprof.test/js/minitests/fib.js:18:9:18:18) val returns 1
return (src/ch.usi.inf.nodeprof.test/js/minitests/fib.js:18:9:18:18) val returns 0
return (src/ch.usi.inf.nodeprof.test/js/minitests/fib.js:19:5:19:30) val returns 1
return (src/ch.usi.inf.nodeprof.test/js/minitests/fib.js:18:9:18:18) val returns 1
return (src/ch.usi.inf.nodeprof.test/js/minitests/fib.js:19:5:19:30) val returns 2
return (src/ch.usi.inf.nodeprof.test/js/minitests/fib.js:19:5:19:30) val returns 5
return (src/ch.usi.inf.nodeprof.test/js/minitests/fib.js:18:9:18:18) val returns 1
return (src/ch.usi.inf.nodeprof.test/js/minitests/fib.js:18:9:18:18) val returns 0
return (src/ch.usi.inf.nodeprof.test/js/minitests/fib.js:19:5:19:30) val returns 1
return (src/ch.usi.inf.nodeprof.test/js/minitests/fib.js:18:9:18:18) val returns 1
return (src/ch.usi.inf.nodeprof.test/js/minitests/fib.js:19:5:19:30) val returns 2
return (src/ch.usi.inf.nodeprof.test/js/minitests/fib.js:18:9:18:18) val returns 1
return (src/ch.usi.inf.nodeprof.test/js/minitests/fib.js:18:9:18:18) val returns 0
return (src/ch.usi.inf.nodeprof.test/js/minitests/fib.js:19:5:19:30) val returns 1
return (src/ch.usi.inf.nodeprof.test/js/minitests/fib.js:19:5:19:30) val returns 3
return (src/ch.usi.inf.nodeprof.test/js/minitests/fib.js:19:5:19:30) val returns 8
return (src/ch.usi.inf.nodeprof.test/js/minitests/fib.js:18:9:18:18) val returns 1
return (src/ch.usi.inf.nodeprof.test/js/minitests/fib.js:18:9:18:18) val returns 0
return (src/ch.usi.inf.nodeprof.test/js/minitests/fib.js:19:5:19:30) val returns 1
return (src/ch.usi.inf.nodeprof.test/js/minitests/fib.js:18:9:18:18) val returns 1
return (src/ch.usi.inf.nodeprof.test/js/minitests/fib.js:19:5:19:30) val returns 2
return (src/ch.usi.inf.nodeprof.test/js/minitests/fib.js:18:9:18:18) val returns 1
return (src/ch.usi.inf.nodeprof.test/js/minitests/fib.js:18:9:18:18) val returns 0
return (src/ch.usi.inf.nodeprof.test/js/minitests/fib.js:19:5:19:30) val returns 1
return (src/ch.usi.inf.nodeprof.test/js/minitests/fib.js:19:5:19:30) val returns 3
return (src/ch.usi.inf.nodeprof.test/js/minitests/fib.js:18:9:18:18) val returns 1
return (src/ch.usi.inf.nodeprof.test/js/minitests/fib.js:18:9:18:18) val returns 0
return (src/ch.usi.inf.nodeprof.test/js/minitests/fib.js:19:5:19:30) val returns 1
return (src/ch.usi.inf.nodeprof.test/js/minitests/fib.js:18:9:18:18) val returns 1
return (src/ch.usi.inf.nodeprof.test/js/minitests/fib.js:19:5:19:30) val returns 2
return (src/ch.usi.inf.nodeprof.test/js/minitests/fib.js:19:5:19:30) val returns 5
return (src/ch.usi.inf.nodeprof.test/js/minitests/fib.js:19:5:19:30) val returns 13
return (src/ch.usi.inf.nodeprof.test/js/minitests/fib.js:19:5:19:30) val returns 34
return (src/ch.usi.inf.nodeprof.test/js/minitests/fib.js:18:9:18:18) val returns 1
return (src/ch.usi.inf.nodeprof.test/js/minitests/fib.js:18:9:18:18) val returns 0
return (src/ch.usi.inf.nodeprof.test/js/minitests/fib.js:19:5:19:30) val returns 1
return (src/ch.usi.inf.nodeprof.test/js/minitests/fib.js:18:9:18:18) val returns 1
return (src/ch.usi.inf.nodeprof.test/js/minitests/fib.js:19:5:19:30) val returns 2
return (src/ch.usi.inf.nodeprof.test/js/minitests/fib.js:18:9:18:18) val returns 1
return (src/ch.usi.inf.nodeprof.test/js/minitests/fib.js:18:9:18:18) val returns 0
return (src/ch.usi.inf.nodeprof.test/js/minitests/fib.js:19:5:19:30) val returns 1
return (src/ch.usi.inf.nodeprof.test/js/minitests/fib.js:19:5:19:30) val returns 3
return (src/ch.usi.inf.nodeprof.test/js/minitests/fib.js:18:9:18:18) val returns 1
return (src/ch.usi.inf.nodeprof.test/js/minitests/fib.js:18:9:18:18) val returns 0
return (src/ch.usi.inf.nodeprof.test/js/minitests/fib.js:19:5:19:30) val returns 1
return (src/ch.usi.inf.nodeprof.test/js/minitests/fib.js:18:9:18:18) val returns 1
return (src/ch.usi.inf.nodeprof.test/js/minitests/fib.js:19:5:19:30) val returns 2
return (src/ch.usi.inf.nodeprof.test/js/minitests/fib.js:19:5:19:30) val returns 5
return (src/ch.usi.inf.nodeprof.test/js/minitests/fib.js:18:9:18:18) val returns 1
return (src/ch.usi.inf.nodeprof.test/js/minitests/fib.js:18:9:18:18) val returns 0
return (src/ch.usi.inf.nodeprof.test/js/minitests/fib.js:19:5:19:30) val returns 1
return (src/ch.usi.inf.nodeprof.test/js/minitests/fib.js:18:9:18:18) val returns 1
return (src/ch.usi.inf.nodeprof.test/js/minitests/fib.js:19:5:19:30) val returns 2
return (src/ch.usi.inf.nodeprof.test/js/minitests/fib.js:18:9:18:18) val returns 1
return (src/ch.usi.inf.nodeprof.test/js/minitests/fib.js:18:9:18:18) val returns 0
return (src/ch.usi.inf.nodeprof.test/js/minitests/fib.js:19:5:19:30) val returns 1
return (src/ch.usi.inf.nodeprof.test/js/minitests/fib.js:19:5:19:30) val returns 3
return (src/ch.usi.inf.nodeprof.test/js/minitests/fib.js:19:5:19:30) val returns 8
return (src/ch.usi.inf.nodeprof.test/js/minitests/fib.js:18:9:18:18) val returns 1
return (src/ch.usi.inf.nodeprof.test/js/minitests/fib.js:18:9:18:18) val returns 0
return (src/ch.usi.inf.nodeprof.test/js/minitests/fib.js:19:5:19:30) val returns 1
return (src/ch.usi.inf.nodeprof.test/js/minitests/fib.js:18:9:18:18) val returns 1
return (src/ch.usi.inf.nodeprof.test/js/minitests/fib.js:19:5:19:30) val returns 2
return (src/ch.usi.inf.nodeprof.test/js/minitests/fib.js:18:9:18:18) val returns 1
return (src/ch.usi.inf.nodeprof.test/js/minitests/fib.js:18:9:18:18) val returns 0
return (src/ch.usi.inf.nodeprof.test/js/minitests/fib.js:19:5:19:30) val returns 1
return (src/ch.usi.inf.nodeprof.test/js/minitests/fib.js:19:5:19:30) val returns 3
return (src/ch.usi.inf.nodeprof.test/js/minitests/fib.js:18:9:18:18) val returns 1
return (src/ch.usi.inf.nodeprof.test/js/minitests/fib.js:18:9:18:18) val returns 0
return (src/ch.usi.inf.nodeprof.test/js/minitests/fib.js:19:5:19:30) val returns 1
return (src/ch.usi.inf.nodeprof.test/js/minitests/fib.js:18:9:18:18) val returns 1
return (src/ch.usi.inf.nodeprof.test/js/minitests/fib.js:19:5:19:30) val returns 2
return (src/ch.usi.inf.nodeprof.test/js/minitests/fib.js:19:5:19:30) val returns 5
return (src/ch.usi.inf.nodeprof.test/js/minitests/fib.js:19:5:19:30) val returns 13
return (src/ch.usi.inf.nodeprof.test/js/minitests/fib.js:18:9:18:18) val returns 1
return (src/ch.usi.inf.nodeprof.test/js/minitests/fib.js:18:9:18:18) val returns 0
return (src/ch.usi.inf.nodeprof.test/js/minitests/fib.js:19:5:19:30) val returns 1
return (src/ch.usi.inf.nodeprof.test/js/minitests/fib.js:18:9:18:18) val returns 1
return (src/ch.usi.inf.nodeprof.test/js/minitests/fib.js:19:5:19:30) val returns 2
return (src/ch.usi.inf.nodeprof.test/js/minitests/fib.js:18:9:18:18) val returns 1
return (src/ch.usi.inf.nodeprof.test/js/minitests/fib.js:18:9:18:18) val returns 0
return (src/ch.usi.inf.nodeprof.test/js/minitests/fib.js:19:5:19:30) val returns 1
return (src/ch.usi.inf.nodeprof.test/js/minitests/fib.js:19:5:19:30) val returns 3
return (src/ch.usi.inf.nodeprof.test/js/minitests/fib.js:18:9:18:18) val returns 1
return (src/ch.usi.inf.nodeprof.test/js/minitests/fib.js:18:9:18:18) val returns 0
return (src/ch.usi.inf.nodeprof.test/js/minitests/fib.js:19:5:19:30) val returns 1
return (src/ch.usi.inf.nodeprof.test/js/minitests/fib.js:18:9:18:18) val returns 1
return (src/ch.usi.inf.nodeprof.test/js/minitests/fib.js:19:5:19:30) val returns 2
return (src/ch.usi.inf.nodeprof.test/js/minitests/fib.js:19:5:19:30) val returns 5
return (src/ch.usi.inf.nodeprof.test/js/minitests/fib.js:18:9:18:18) val returns 1
return (src/ch.usi.inf.nodeprof.test/js/minitests/fib.js:18:9:18:18) val returns 0
return (src/ch.usi.inf.nodeprof.test/js/minitests/fib.js:19:5:19:30) val returns 1
return (src/ch.usi.inf.nodeprof.test/js/minitests/fib.js:18:9:18:18) val returns 1
return (src/ch.usi.inf.nodeprof.test/js/minitests/fib.js:19:5:19:30) val returns 2
return (src/ch.usi.inf.nodeprof.test/js/minitests/fib.js:18:9:18:18) val returns 1
return (src/ch.usi.inf.nodeprof.test/js/minitests/fib.js:18:9:18:18) val returns 0
return (src/ch.usi.inf.nodeprof.test/js/minitests/fib.js:19:5:19:30) val returns 1
return (src/ch.usi.inf.nodeprof.test/js/minitests/fib.js:19:5:19:30) val returns 3
return (src/ch.usi.inf.nodeprof.test/js/minitests/fib.js:19:5:19:30) val returns 8
return (src/ch.usi.inf.nodeprof.test/js/minitests/fib.js:19:5:19:30) val returns 21
return (src/ch.usi.inf.nodeprof.test/js/minitests/fib.js:19:5:19:30) val returns 55
