(src/ch.usi.inf.nodeprof.test/js/minitests/object-literal.js:1:1:15:3) function false FunctionLiteral undefined
(src/ch.usi.inf.nodeprof.test/js/minitests/object-literal.js:2:8:2:9) number false NumericLiteral undefined
(src/ch.usi.inf.nodeprof.test/js/minitests/object-literal.js:3:8:3:10) object false ObjectLiteral []
(src/ch.usi.inf.nodeprof.test/js/minitests/object-literal.js:4:8:4:10) string false StringLiteral undefined
(src/ch.usi.inf.nodeprof.test/js/minitests/object-literal.js:1:71:5:2) object false ObjectLiteral [ '-x', '-y', '-c' ]
(src/ch.usi.inf.nodeprof.test/js/minitests/object-literal.js:8:10:8:11) number false NumericLiteral undefined
(src/ch.usi.inf.nodeprof.test/js/minitests/object-literal.js:9:5:10:6) function false FunctionLiteral undefined
(src/ch.usi.inf.nodeprof.test/js/minitests/object-literal.js:11:5:12:6) function false FunctionLiteral undefined
(src/ch.usi.inf.nodeprof.test/js/minitests/object-literal.js:7:9:13:2) object true ObjectLiteral [ '-0', 'setter-x', 'getter-x' ]
